// Jest Snapshot v1, https://goo.gl/fbAQLP

exports[`SubmitOrder should match snapshot 1`] = `undefined`;
