// Jest Snapshot v1, https://goo.gl/fbAQLP

exports[`AlcoholModal should match snapshot 1`] = `undefined`;
