// Jest Snapshot v1, https://goo.gl/fbAQLP

exports[`DistributorInventory should match snapshot 1`] = `
<View
  style={
    Object {
      "display": "flex",
      "flex": 1,
      "justifyContent": "space-between",
    }
  }
>
  <View
    style={
      Object {
        "display": "flex",
        "flex": 1,
        "margin": 10,
      }
    }
  >
    <View
      style={
        Object {
          "backgroundColor": "#2c4969",
          "borderRadius": 5,
          "paddingHorizontal": 15,
          "paddingVertical": 10,
          "shadowColor": "#231f20",
          "shadowOffset": Object {
            "height": 4,
            "width": 0,
          },
          "shadowOpacity": 0.3,
          "shadowRadius": 3,
        }
      }
    >
      <Connect(LiquorCategory)
        changeType={[Function]}
        currentType="liquor"
      />
    </View>
    <ScrollViewMock />
  </View>
  <Footer />
</View>
`;
