// Jest Snapshot v1, https://goo.gl/fbAQLP

exports[`CurrentOrder should match snapshot 1`] = `undefined`;
