// Jest Snapshot v1, https://goo.gl/fbAQLP

exports[`AlcoholCategory should match snapshot 1`] = `undefined`;
