// Jest Snapshot v1, https://goo.gl/fbAQLP

exports[`PastOrderCard should match snapshot 1`] = `undefined`;
