// Jest Snapshot v1, https://goo.gl/fbAQLP

exports[`LiquorCategory should match snapshot 1`] = `undefined`;
