// Jest Snapshot v1, https://goo.gl/fbAQLP

exports[`OrderContainer should match snapshot 1`] = `
<_default
  automaticallyAdjustContentInsets={false}
  autoplay={false}
  autoplayDirection={true}
  autoplayTimeout={2.5}
  bounces={false}
  disableNextButton={false}
  horizontal={true}
  index={0}
  loadMinimal={false}
  loadMinimalSize={1}
  loop={false}
  onIndexChanged={[Function]}
  pagingEnabled={true}
  removeClippedSubviews={true}
  scrollsToTop={false}
  showsButtons={false}
  showsHorizontalScrollIndicator={false}
  showsPagination={true}
  showsVerticalScrollIndicator={false}
>
  <Connect(DistributorInventory) />
  <Connect(CurrentOrder) />
</_default>
`;
