// Jest Snapshot v1, https://goo.gl/fbAQLP

exports[`OrderContianer should match snapshot 1`] = `undefined`;
