// Jest Snapshot v1, https://goo.gl/fbAQLP

exports[`Button Rendering should match to snapshot 1`] = `
<View
  style={
    Object {
      "alignItems": "center",
      "backgroundColor": "#ffffff",
      "flex": 1,
      "justifyContent": "center",
    }
  }
>
  <Image
    source={
      Object {
        "testUri": "../../../assets/loading.gif",
      }
    }
  />
</View>
`;
