// Jest Snapshot v1, https://goo.gl/fbAQLP

exports[`AccountInfo should match snapshot 1`] = `undefined`;
